[LOG] FMOD_System_Create                       : Header version = 2.03.11. Current version = 2.03.11.
[LOG] system_create                            : Header version = 2.03.11. Current version = 2.03.11.
[LOG] SystemI::setOutputInternal               : Setting output to 'FMOD WASAPI Output'
[LOG] Manager::init                            : maxchannels = 256 studioflags = 00000006 flags 00000000 extradriverdata 0000000000000000.
[LOG] SystemI::init                            : Initialize version=20311 (158528), maxchannels=256, flags=0x00020000
[LOG] OutputWASAPI::init                       : Mix Format (WAVEFORMATEX): wFormatTag=0xFFFE, nChannels=2, nSamplesPerSec=48000, nAvgBytesPerSec=384000, nBlockAlign=8, wBitsPerSample=32, cbSize=22.
[LOG] OutputWASAPI::init                       : Mix Format (WAVEFORMATEXTENSIBLE): wValidBitsPerSample=32, dwChannelMask=0x00000003, SubFormat=00000003-0000-0010-8000-00AA00389B71.
[LOG] OutputWASAPI::init                       : Output buffer size: 2048 samples, latency: 0.00ms, period: 10.00ms, DSP buffer: 512 * 4
[LOG] Thread::initThread                       : Init FMOD stream thread. Affinity: 0x4000000000000003, Priority: 0xFFFF7FFB, Stack Size: 98304, Semaphore: No, Sleep Time: 10, Looping: Yes.
[LOG] SystemI::DSPCodecPoolRegister            : register codec pool for pool type 0
[LOG] Thread::initThread                       : Init FMOD mixer thread. Affinity: 0x4000000000000001, Priority: 0xFFFF7FFA, Stack Size: 81920, Semaphore: No, Sleep Time: 0, Looping: Yes.
[LOG] AsyncManager::init                       : manager 000001B989434AC8 isAsync 0 updatePeriod 0.02
[LOG] AsyncManager::init                       : done
[LOG] PlaybackSystem::init                     : 
[LOG] Thread::initThread                       : Init FMOD Studio sample load thread. Affinity: 0x4000000000000003, Priority: 0xFFFF7FFD, Stack Size: 98304, Semaphore: No, Sleep Time: 1, Looping: No.
[LOG] PlaybackSystem::init                     : done
[LOG] Thread::initThread                       : Init FMOD Studio bank load thread. Affinity: 0x4000000000000003, Priority: 0xFFFF7FFD, Stack Size: 98304, Semaphore: No, Sleep Time: 1, Looping: No.
[LOG] Manager::init                            : done.
[LOG] BankLoader::serializeBank                : fileversion = 146, compatVersion = 146 (oldest = 44, newest = 146)
[LOG] BankLoader::serializeBank                : fileversion = 146, compatVersion = 146 (oldest = 44, newest = 146)
[LOG] PlaybackSystem::acquireMasterBus         : Setting master channel group format to 6
[LOG] SystemI::createSoundInternal             : Create name='', mode=0x02000202
[LOG] SystemI::createSoundInternal             : exinfo->cbsize             = 224
[LOG] SystemI::createSoundInternal             : exinfo->length             = 1880064
[LOG] SystemI::createSoundInternal             : exinfo->fileoffset         = 24704
[LOG] SystemI::createSoundInternal             : exinfo->numsubsounds       = 1
[LOG] SystemI::createSoundInternal             : exinfo->inclusionlist      = 00000030DC3FEBA8
[LOG] SystemI::createSoundInternal             : exinfo->inclusionlistnum   = 1
[LOG] SystemI::createSoundInternal             : exinfo->suggestedsoundtype = 5
[LOG] SystemI::createSoundInternal             : exinfo->useropen           = 00007FFA718EDA60
[LOG] SystemI::createSoundInternal             : exinfo->userclose          = 00007FFA718EDA20
[LOG] SystemI::createSoundInternal             : exinfo->userread           = 00007FFA718EDB40
[LOG] SystemI::createSoundInternal             : exinfo->userseek           = 00007FFA718EDC00
[LOG] SystemI::createSoundInternal             : exinfo->fileuserdata       = 000001BB59485E28
[LOG] SystemI::createSoundInternal             : exinfo->initialseekpostype = 1
[LOG] SystemI::DSPCodecPoolRegister            : register codec pool for pool type 4
[LOG] SystemI::createSoundInternal             : Sample 0/1: name='734057__dthetech__dd-shotgun-2', format=5, channels=2, frequency=48000, lengthbytes=12736, lengthpcm=48490, pcmblocksize=0, loopstart=0, loopend=0, mode=0x00000000, channelmask=0x00000000, channelorder=0, peakvolume=0.676910.
[LOG] SystemI::createSoundInternal             : Create name='', mode=0x02000202
[LOG] SystemI::createSoundInternal             : exinfo->cbsize             = 224
[LOG] SystemI::createSoundInternal             : exinfo->length             = 1880064
[LOG] SystemI::createSoundInternal             : exinfo->fileoffset         = 24704
[LOG] SystemI::createSoundInternal             : exinfo->numsubsounds       = 1
[LOG] SystemI::createSoundInternal             : exinfo->inclusionlist      = 00000030DC3FEBA8
[LOG] SystemI::createSoundInternal             : exinfo->inclusionlistnum   = 1
[LOG] SystemI::createSoundInternal             : exinfo->suggestedsoundtype = 5
[LOG] SystemI::createSoundInternal             : exinfo->useropen           = 00007FFA718EDA60
[LOG] SystemI::createSoundInternal             : exinfo->userclose          = 00007FFA718EDA20
[LOG] SystemI::createSoundInternal             : exinfo->userread           = 00007FFA718EDB40
[LOG] SystemI::createSoundInternal             : exinfo->userseek           = 00007FFA718EDC00
[LOG] SystemI::createSoundInternal             : exinfo->fileuserdata       = 000001BB59485E28
[LOG] SystemI::createSoundInternal             : exinfo->initialseekpostype = 1
[LOG] SystemI::DSPCodecPoolRegister            : register codec pool for pool type 4
[LOG] SystemI::createSoundInternal             : Sample 0/1: name='164646__deleted_user_2104797__gunshot-2', format=5, channels=1, frequency=48000, lengthbytes=7936, lengthpcm=48851, pcmblocksize=0, loopstart=0, loopend=0, mode=0x00000000, channelmask=0x00000000, channelorder=0, peakvolume=0.690948.
[LOG] SystemI::createSoundInternal             : Create name='', mode=0x02000202
[LOG] SystemI::createSoundInternal             : exinfo->cbsize             = 224
[LOG] SystemI::createSoundInternal             : exinfo->length             = 1880064
[LOG] SystemI::createSoundInternal             : exinfo->fileoffset         = 24704
[LOG] SystemI::createSoundInternal             : exinfo->numsubsounds       = 1
[LOG] SystemI::createSoundInternal             : exinfo->inclusionlist      = 00000030DC3FEBA8
[LOG] SystemI::createSoundInternal             : exinfo->inclusionlistnum   = 1
[LOG] SystemI::createSoundInternal             : exinfo->suggestedsoundtype = 5
[LOG] SystemI::createSoundInternal             : exinfo->useropen           = 00007FFA718EDA60
[LOG] SystemI::createSoundInternal             : exinfo->userclose          = 00007FFA718EDA20
[LOG] SystemI::createSoundInternal             : exinfo->userread           = 00007FFA718EDB40
[LOG] SystemI::createSoundInternal             : exinfo->userseek           = 00007FFA718EDC00
[LOG] SystemI::createSoundInternal             : exinfo->fileuserdata       = 000001BB59485E28
[LOG] SystemI::createSoundInternal             : exinfo->initialseekpostype = 1
[LOG] SystemI::DSPCodecPoolRegister            : register codec pool for pool type 4
[LOG] SystemI::createSoundInternal             : Sample 0/1: name='660299__hyperix6__shotgun-fire', format=5, channels=2, frequency=48000, lengthbytes=47232, lengthpcm=187108, pcmblocksize=0, loopstart=0, loopend=0, mode=0x00000000, channelmask=0x00000000, channelorder=0, peakvolume=3.002274.
[LOG] SystemI::createSoundInternal             : Create name='', mode=0x02000202
[LOG] SystemI::createSoundInternal             : exinfo->cbsize             = 224
[LOG] SystemI::createSoundInternal             : exinfo->length             = 1880064
[LOG] SystemI::createSoundInternal             : exinfo->fileoffset         = 24704
[LOG] SystemI::createSoundInternal             : exinfo->numsubsounds       = 1
[LOG] SystemI::createSoundInternal             : exinfo->inclusionlist      = 00000030DC3FEBA8
[LOG] SystemI::createSoundInternal             : exinfo->inclusionlistnum   = 1
[LOG] SystemI::createSoundInternal             : exinfo->suggestedsoundtype = 5
[LOG] SystemI::createSoundInternal             : exinfo->useropen           = 00007FFA718EDA60
[LOG] SystemI::createSoundInternal             : exinfo->userclose          = 00007FFA718EDA20
[LOG] SystemI::createSoundInternal             : exinfo->userread           = 00007FFA718EDB40
[LOG] SystemI::createSoundInternal             : exinfo->userseek           = 00007FFA718EDC00
[LOG] SystemI::createSoundInternal             : exinfo->fileuserdata       = 000001BB5948C758
[LOG] SystemI::createSoundInternal             : exinfo->initialseekpostype = 1
[LOG] SystemI::DSPCodecPoolRegister            : register codec pool for pool type 4
[LOG] SystemI::createSoundInternal             : Sample 0/1: name='revolver fire 3', format=5, channels=1, frequency=48000, lengthbytes=5504, lengthpcm=28238, pcmblocksize=0, loopstart=0, loopend=0, mode=0x00000000, channelmask=0x00000000, channelorder=0, peakvolume=0.253937.
[LOG] SystemI::createSoundInternal             : Create name='', mode=0x02000202
[LOG] SystemI::createSoundInternal             : exinfo->cbsize             = 224
[LOG] SystemI::createSoundInternal             : exinfo->length             = 1880064
[LOG] SystemI::createSoundInternal             : exinfo->fileoffset         = 24704
[LOG] SystemI::createSoundInternal             : exinfo->numsubsounds       = 1
[LOG] SystemI::createSoundInternal             : exinfo->inclusionlist      = 00000030DC3FEBA8
[LOG] SystemI::createSoundInternal             : exinfo->inclusionlistnum   = 1
[LOG] SystemI::createSoundInternal             : exinfo->suggestedsoundtype = 5
[LOG] SystemI::createSoundInternal             : exinfo->useropen           = 00007FFA718EDA60
[LOG] SystemI::createSoundInternal             : exinfo->userclose          = 00007FFA718EDA20
[LOG] SystemI::createSoundInternal             : exinfo->userread           = 00007FFA718EDB40
[LOG] SystemI::createSoundInternal             : exinfo->userseek           = 00007FFA718EDC00
[LOG] SystemI::createSoundInternal             : exinfo->fileuserdata       = 000001BB5948C758
[LOG] SystemI::createSoundInternal             : exinfo->initialseekpostype = 1
[LOG] SystemI::DSPCodecPoolRegister            : register codec pool for pool type 4
[LOG] SystemI::createSoundInternal             : Sample 0/1: name='Revolver fire 2', format=5, channels=1, frequency=48000, lengthbytes=4192, lengthpcm=17800, pcmblocksize=0, loopstart=0, loopend=0, mode=0x00000000, channelmask=0x00000000, channelorder=0, peakvolume=0.626495.
[LOG] SystemI::createSoundInternal             : Create name='', mode=0x02000202
[LOG] SystemI::createSoundInternal             : exinfo->cbsize             = 224
[LOG] SystemI::createSoundInternal             : exinfo->length             = 1880064
[LOG] SystemI::createSoundInternal             : exinfo->fileoffset         = 24704
[LOG] SystemI::createSoundInternal             : exinfo->numsubsounds       = 1
[LOG] SystemI::createSoundInternal             : exinfo->inclusionlist      = 00000030DC3FEBA8
[LOG] SystemI::createSoundInternal             : exinfo->inclusionlistnum   = 1
[LOG] SystemI::createSoundInternal             : exinfo->suggestedsoundtype = 5
[LOG] SystemI::createSoundInternal             : exinfo->useropen           = 00007FFA718EDA60
[LOG] SystemI::createSoundInternal             : exinfo->userclose          = 00007FFA718EDA20
[LOG] SystemI::createSoundInternal             : exinfo->userread           = 00007FFA718EDB40
[LOG] SystemI::createSoundInternal             : exinfo->userseek           = 00007FFA718EDC00
[LOG] SystemI::createSoundInternal             : exinfo->fileuserdata       = 000001BB59486A88
[LOG] SystemI::createSoundInternal             : exinfo->initialseekpostype = 1
[LOG] SystemI::DSPCodecPoolRegister            : register codec pool for pool type 4
[LOG] SystemI::createSoundInternal             : Sample 0/1: name='Revolver reload', format=5, channels=2, frequency=48000, lengthbytes=25504, lengthpcm=123904, pcmblocksize=0, loopstart=0, loopend=0, mode=0x00000000, channelmask=0x00000000, channelorder=0, peakvolume=0.553616.
[LOG] SystemI::createSoundInternal             : Create name='', mode=0x02000202
[LOG] SystemI::createSoundInternal             : exinfo->cbsize             = 224
[LOG] SystemI::createSoundInternal             : exinfo->length             = 1880064
[LOG] SystemI::createSoundInternal             : exinfo->fileoffset         = 24704
[LOG] SystemI::createSoundInternal             : exinfo->numsubsounds       = 1
[LOG] SystemI::createSoundInternal             : exinfo->inclusionlist      = 00000030DC3FEBA8
[LOG] SystemI::createSoundInternal             : exinfo->inclusionlistnum   = 1
[LOG] SystemI::createSoundInternal             : exinfo->suggestedsoundtype = 5
[LOG] SystemI::createSoundInternal             : exinfo->useropen           = 00007FFA718EDA60
[LOG] SystemI::createSoundInternal             : exinfo->userclose          = 00007FFA718EDA20
[LOG] SystemI::createSoundInternal             : exinfo->userread           = 00007FFA718EDB40
[LOG] SystemI::createSoundInternal             : exinfo->userseek           = 00007FFA718EDC00
[LOG] SystemI::createSoundInternal             : exinfo->fileuserdata       = 000001BCBC32F718
[LOG] SystemI::createSoundInternal             : exinfo->initialseekpostype = 1
[LOG] SystemI::DSPCodecPoolRegister            : register codec pool for pool type 4
[LOG] SystemI::createSoundInternal             : Sample 0/1: name='Shotgun reload', format=5, channels=2, frequency=48000, lengthbytes=7488, lengthpcm=26768, pcmblocksize=0, loopstart=0, loopend=26536, mode=0x00000000, channelmask=0x00000000, channelorder=0, peakvolume=0.133484.
[LOG] SoundI::release                          : Demon Time Boss Time - 14-01-2026, 13.01 (000001BB3316AE98)
[LOG] SoundI::release                          :     Demon Time Boss Time - 14-01-2026, 13.01 (000001BCBD9077C8)
[LOG] SoundI::release                          :     Demon Time Boss Time - 14-01-2026, 13.01 (000001BB3316B028)
[LOG] SoundI::release                          :  (000001BCE85F9A08)
[LOG] SoundI::release                          :     Revolver reload (000001BD1E6593A8)
[LOG] SoundI::release                          :  (000001BCE85F98A8)
[LOG] SoundI::release                          :     Revolver fire 2 (000001BD1E658028)
[LOG] SoundI::release                          :  (000001BCE85F9748)
[LOG] SoundI::release                          :     revolver fire 3 (000001BD1E658DA8)
[LOG] SoundI::release                          :  (000001BAA976AB08)
[LOG] SoundI::release                          :     Shotgun reload (000001BCBC5FB598)
[LOG] SoundI::release                          :  (000001BCE85F9488)
[LOG] SoundI::release                          :     660299__hyperix6__shotgun-fire (000001BD1E6587A8)
[LOG] SoundI::release                          :  (000001BCE85F9068)
[LOG] SoundI::release                          :     734057__dthetech__dd-shotgun-2 (000001BD1E659B28)
[LOG] SoundI::release                          :  (000001BCE85F91C8)
[LOG] SoundI::release                          :     164646__deleted_user_2104797__gunshot-2 (000001BD1E659CA8)
[LOG] Thread::callback                         : FMOD Studio update thread finished.
[LOG] Thread::callback                         : FMOD Studio bank load thread finished.
[LOG] Profile::disconnectAll                   : Profiler disconnecting all clients
[LOG] Thread::callback                         : FMOD Studio sample load thread finished.
[LOG] LiveUpdate::release                      : 
[LOG] LiveUpdate::reset                        : Reset connection (reason Disconnected)
[LOG] Thread::callback                         : FMOD stream thread finished.
[LOG] Thread::callback                         : FMOD mixer thread finished.
[LOG] Profile::disconnectAll                   : Profiler disconnecting all clients
[LOG] SystemI::closeInternal                   : Closed.
[WRN] OutputWASAPI::mixerThread                : GetCurrentPadding returned 0x88890004. Device was unplugged.
[WRN] OutputWASAPI::mixerThread                : GetCurrentPadding returned 0x88890004. Device was unplugged.
[LOG] Thread::callback                         : FMOD mixer thread finished.
[LOG] OutputWASAPI::init                       : Mix Format (WAVEFORMATEX): wFormatTag=0xFFFE, nChannels=2, nSamplesPerSec=48000, nAvgBytesPerSec=384000, nBlockAlign=8, wBitsPerSample=32, cbSize=22.
[LOG] OutputWASAPI::init                       : Mix Format (WAVEFORMATEXTENSIBLE): wValidBitsPerSample=32, dwChannelMask=0x00000003, SubFormat=00000003-0000-0010-8000-00AA00389B71.
[LOG] OutputWASAPI::init                       : Output buffer size: 2048 samples, latency: 0.00ms, period: 10.00ms, DSP buffer: 512 * 4
[LOG] Thread::initThread                       : Init FMOD mixer thread. Affinity: 0x4000000000000001, Priority: 0xFFFF7FFA, Stack Size: 81920, Semaphore: No, Sleep Time: 0, Looping: Yes.
[ERR] ~Global                                  : assertion: 'gSystemInitCount == 0' failed
